20:43:00 **** Build of configuration Debug for project 005_HSE_AS_SYSCLK ****
make -j12 all 
arm-none-eabi-gcc -mcpu=cortex-m4 -g3 -c -x assembler-with-cpp --specs=nano.specs -mfloat-abi=soft -mthumb -o "Startup/startup_stm32f446retx.o" "../Startup/startup_stm32f446retx.s"
arm-none-eabi-gcc "../Src/main.c" -mcpu=cortex-m4 -std=gnu11 -g3 -DSTM32 -DSTM32F4 -DSTM32F446RETx -DDEBUG -DNUCLEO_F446RE -c -I../Inc -O0 -ffunction-sections -fdata-sections -Wall -fstack-usage -MMD -MP -MF"Src/main.d" -MT"Src/main.o" --specs=nano.specs -mfloat-abi=soft -mthumb -o "Src/main.o"
arm-none-eabi-gcc "../Src/syscalls.c" -mcpu=cortex-m4 -std=gnu11 -g3 -DSTM32 -DSTM32F4 -DSTM32F446RETx -DDEBUG -DNUCLEO_F446RE -c -I../Inc -O0 -ffunction-sections -fdata-sections -Wall -fstack-usage -MMD -MP -MF"Src/syscalls.d" -MT"Src/syscalls.o" --specs=nano.specs -mfloat-abi=soft -mthumb -o "Src/syscalls.o"
arm-none-eabi-gcc "../Src/sysmem.c" -mcpu=cortex-m4 -std=gnu11 -g3 -DSTM32 -DSTM32F4 -DSTM32F446RETx -DDEBUG -DNUCLEO_F446RE -c -I../Inc -O0 -ffunction-sections -fdata-sections -Wall -fstack-usage -MMD -MP -MF"Src/sysmem.d" -MT"Src/sysmem.o" --specs=nano.specs -mfloat-abi=soft -mthumb -o "Src/sysmem.o"
arm-none-eabi-gcc -o "005_HSE_AS_SYSCLK.elf" @"objects.list"   -mcpu=cortex-m4 -T"D:\Workspace\arm_asm\m\st\STM32CubeIDE 1.2.0_Workspace\005_HSE_AS_SYSCLK\STM32F446RETX_FLASH.ld" --specs=nosys.specs -Wl,-Map="005_HSE_AS_SYSCLK.map" -Wl,--gc-sections -static --specs=nano.specs -mfloat-abi=soft -mthumb -Wl,--start-group -lc -lm -Wl,--end-group
Finished building target: 005_HSE_AS_SYSCLK.elf
 
arm-none-eabi-size   005_HSE_AS_SYSCLK.elf 
arm-none-eabi-objdump -h -S  005_HSE_AS_SYSCLK.elf  > "005_HSE_AS_SYSCLK.list"
arm-none-eabi-objcopy  -O binary  005_HSE_AS_SYSCLK.elf  "005_HSE_AS_SYSCLK.bin"
   text	   data	    bss	    dec	    hex	filename
    828	      8	   1568	   2404	    964	005_HSE_AS_SYSCLK.elf
Finished building: default.size.stdout
 
Finished building: 005_HSE_AS_SYSCLK.list
Finished building: 005_HSE_AS_SYSCLK.bin
 
 

20:43:01 Build Finished. 0 errors, 0 warnings. (took 710ms)

