21:01:44 **** Incremental Build of configuration Debug for project 006_STM32F446RE_DRIVERS ****
make -j12 all 
arm-none-eabi-gcc -mcpu=cortex-m4 -g3 -c -x assembler-with-cpp --specs=nano.specs -mfloat-abi=soft -mthumb -o "Startup/startup_stm32f446retx.o" "../Startup/startup_stm32f446retx.s"
arm-none-eabi-gcc "../Src/main.c" -mcpu=cortex-m4 -std=gnu11 -g3 -DSTM32 -DSTM32F4 -DSTM32F446RETx -DDEBUG -DNUCLEO_F446RE -c -I../Inc -I../Drivers/inc -O0 -ffunction-sections -fdata-sections -Wall -fstack-usage -MMD -MP -MF"Src/main.d" -MT"Src/main.o" --specs=nano.specs -mfloat-abi=soft -mthumb -o "Src/main.o"
arm-none-eabi-gcc "../Src/syscalls.c" -mcpu=cortex-m4 -std=gnu11 -g3 -DSTM32 -DSTM32F4 -DSTM32F446RETx -DDEBUG -DNUCLEO_F446RE -c -I../Inc -I../Drivers/inc -O0 -ffunction-sections -fdata-sections -Wall -fstack-usage -MMD -MP -MF"Src/syscalls.d" -MT"Src/syscalls.o" --specs=nano.specs -mfloat-abi=soft -mthumb -o "Src/syscalls.o"
arm-none-eabi-gcc "../Src/sysmem.c" -mcpu=cortex-m4 -std=gnu11 -g3 -DSTM32 -DSTM32F4 -DSTM32F446RETx -DDEBUG -DNUCLEO_F446RE -c -I../Inc -I../Drivers/inc -O0 -ffunction-sections -fdata-sections -Wall -fstack-usage -MMD -MP -MF"Src/sysmem.d" -MT"Src/sysmem.o" --specs=nano.specs -mfloat-abi=soft -mthumb -o "Src/sysmem.o"
arm-none-eabi-gcc "../Drivers/src/stm32f446re_gpio.c" -mcpu=cortex-m4 -std=gnu11 -g3 -DSTM32 -DSTM32F4 -DSTM32F446RETx -DDEBUG -DNUCLEO_F446RE -c -I../Inc -I../Drivers/inc -O0 -ffunction-sections -fdata-sections -Wall -fstack-usage -MMD -MP -MF"Drivers/src/stm32f446re_gpio.d" -MT"Drivers/src/stm32f446re_gpio.o" --specs=nano.specs -mfloat-abi=soft -mthumb -o "Drivers/src/stm32f446re_gpio.o"
arm-none-eabi-gcc "../Drivers/src/stm32f446re_i2c.c" -mcpu=cortex-m4 -std=gnu11 -g3 -DSTM32 -DSTM32F4 -DSTM32F446RETx -DDEBUG -DNUCLEO_F446RE -c -I../Inc -I../Drivers/inc -O0 -ffunction-sections -fdata-sections -Wall -fstack-usage -MMD -MP -MF"Drivers/src/stm32f446re_i2c.d" -MT"Drivers/src/stm32f446re_i2c.o" --specs=nano.specs -mfloat-abi=soft -mthumb -o "Drivers/src/stm32f446re_i2c.o"
arm-none-eabi-gcc "../Drivers/src/stm32f446re_rcc.c" -mcpu=cortex-m4 -std=gnu11 -g3 -DSTM32 -DSTM32F4 -DSTM32F446RETx -DDEBUG -DNUCLEO_F446RE -c -I../Inc -I../Drivers/inc -O0 -ffunction-sections -fdata-sections -Wall -fstack-usage -MMD -MP -MF"Drivers/src/stm32f446re_rcc.d" -MT"Drivers/src/stm32f446re_rcc.o" --specs=nano.specs -mfloat-abi=soft -mthumb -o "Drivers/src/stm32f446re_rcc.o"
arm-none-eabi-gcc "../Drivers/src/stm32f446re_spi.c" -mcpu=cortex-m4 -std=gnu11 -g3 -DSTM32 -DSTM32F4 -DSTM32F446RETx -DDEBUG -DNUCLEO_F446RE -c -I../Inc -I../Drivers/inc -O0 -ffunction-sections -fdata-sections -Wall -fstack-usage -MMD -MP -MF"Drivers/src/stm32f446re_spi.d" -MT"Drivers/src/stm32f446re_spi.o" --specs=nano.specs -mfloat-abi=soft -mthumb -o "Drivers/src/stm32f446re_spi.o"
arm-none-eabi-gcc "../Drivers/src/stm32f446re_usart.c" -mcpu=cortex-m4 -std=gnu11 -g3 -DSTM32 -DSTM32F4 -DSTM32F446RETx -DDEBUG -DNUCLEO_F446RE -c -I../Inc -I../Drivers/inc -O0 -ffunction-sections -fdata-sections -Wall -fstack-usage -MMD -MP -MF"Drivers/src/stm32f446re_usart.d" -MT"Drivers/src/stm32f446re_usart.o" --specs=nano.specs -mfloat-abi=soft -mthumb -o "Drivers/src/stm32f446re_usart.o"
../Drivers/src/stm32f446re_usart.c: In function 'USART_SendDataIT':
../Drivers/src/stm32f446re_usart.c:366:1: warning: control reaches end of non-void function [-Wreturn-type]
 }
 ^
../Drivers/src/stm32f446re_usart.c: In function 'USART_ReceiveDataIT':
../Drivers/src/stm32f446re_usart.c:397:1: warning: control reaches end of non-void function [-Wreturn-type]
 }
 ^
arm-none-eabi-gcc -o "006_STM32F446RE_DRIVERS.elf" @"objects.list"   -mcpu=cortex-m4 -T"D:\Workspace\arm_asm\m\st\STM32CubeIDE 1.2.0_Workspace\006_STM32F446RE_DRIVERS\STM32F446RETX_FLASH.ld" --specs=nosys.specs -Wl,-Map="006_STM32F446RE_DRIVERS.map" -Wl,--gc-sections -static --specs=nano.specs -mfloat-abi=soft -mthumb -Wl,--start-group -lc -lm -Wl,--end-group
Finished building target: 006_STM32F446RE_DRIVERS.elf
 
arm-none-eabi-size   006_STM32F446RE_DRIVERS.elf 
arm-none-eabi-objdump -h -S  006_STM32F446RE_DRIVERS.elf  > "006_STM32F446RE_DRIVERS.list"
arm-none-eabi-objcopy  -O binary  006_STM32F446RE_DRIVERS.elf  "006_STM32F446RE_DRIVERS.bin"
   text	   data	    bss	    dec	    hex	filename
   4032	     32	   1584	   5648	   1610	006_STM32F446RE_DRIVERS.elf
Finished building: default.size.stdout
 
Finished building: 006_STM32F446RE_DRIVERS.bin
Finished building: 006_STM32F446RE_DRIVERS.list
 
 

21:01:45 Build Finished. 0 errors, 2 warnings. (took 910ms)

